### [2/3] sgl-kernel 0.3.14.post1 cu128 (with retries) ###
Looking in indexes: https://docs.sglang.ai/whl/cu128
Collecting sgl-kernel==0.3.14.post1+cu128
  ERROR: HTTP error 504 while getting https://github.com/sgl-project/whl/releases/download/v0.3.14.post1/sgl_kernel-0.3.14.post1%2Bcu128-cp310-abi3-manylinux2014_x86_64.whl#sha256=d799e3df31a782320ab5a9cd4a94d1fd962aace3cf9aa565dfd449009786db7c (from https://sgl-project.github.io/whl/cu128/sgl-kernel/)
ERROR: Could not install requirement sgl-kernel==0.3.14.post1+cu128 from https://github.com/sgl-project/whl/releases/download/v0.3.14.post1/sgl_kernel-0.3.14.post1%2Bcu128-cp310-abi3-manylinux2014_x86_64.whl#sha256=d799e3df31a782320ab5a9cd4a94d1fd962aace3cf9aa565dfd449009786db7c because of HTTP error 504 Server Error: Gateway Time-out for url: https://github.com/sgl-project/whl/releases/download/v0.3.14.post1/sgl_kernel-0.3.14.post1%2Bcu128-cp310-abi3-manylinux2014_x86_64.whl for URL https://github.com/sgl-project/whl/releases/download/v0.3.14.post1/sgl_kernel-0.3.14.post1%2Bcu128-cp310-abi3-manylinux2014_x86_64.whl#sha256=d799e3df31a782320ab5a9cd4a94d1fd962aace3cf9aa565dfd449009786db7c (from https://sgl-project.github.io/whl/cu128/sgl-kernel/)
retry 1 after 504/timeout...
Looking in indexes: https://docs.sglang.ai/whl/cu128
Collecting sgl-kernel==0.3.14.post1+cu128
  Downloading sgl_kernel-0.3.14.post1%2Bcu128-cp310-abi3-manylinux2014_x86_64.whl (490.7 MB)
     ━━━━━━━━━━━━━━━━━━━━━━━━━━━━━━━━━━━━━━━━ 490.7/490.7 MB 40.3 MB/s  0:00:11
Discarding https://github.com/sgl-project/whl/releases/download/v0.3.14.post1/sgl_kernel-0.3.14.post1%2Bcu128-cp310-abi3-manylinux2014_x86_64.whl#sha256=d799e3df31a782320ab5a9cd4a94d1fd962aace3cf9aa565dfd449009786db7c (from https://sgl-project.github.io/whl/cu128/sgl-kernel/): Requested sgl-kernel==0.3.14.post1+cu128 from https://github.com/sgl-project/whl/releases/download/v0.3.14.post1/sgl_kernel-0.3.14.post1%2Bcu128-cp310-abi3-manylinux2014_x86_64.whl#sha256=d799e3df31a782320ab5a9cd4a94d1fd962aace3cf9aa565dfd449009786db7c has inconsistent version: expected '0.3.14.post1+cu128', but metadata has '0.3.14.post1'
ERROR: Could not find a version that satisfies the requirement sgl-kernel==0.3.14.post1+cu128 (from versions: 0.0.8.post1+cu128, 0.0.8.post2+cu128, 0.0.8.post3+cu128, 0.0.9+cu128, 0.0.9.post1+cu128, 0.0.9.post2+cu128, 0.1.0+cu128, 0.1.1+cu128, 0.1.2+cu128, 0.1.2.post1+cu128, 0.1.3+cu128, 0.1.4+cu128, 0.1.5+cu128, 0.1.6+cu128, 0.1.6.post1+cu128, 0.1.7+cu128, 0.1.8+cu128, 0.1.8.post1+cu128, 0.1.8.post2+cu128, 0.1.9+cu128, 0.2.0+cu128, 0.2.1+cu128, 0.2.2+cu128, 0.2.3+cu128, 0.2.4+cu128, 0.2.5+cu128, 0.2.6+cu128, 0.2.6.post1+cu128, 0.2.7+cu128, 0.2.8+cu128, 0.2.9+cu128, 0.3.0+cu128, 0.3.1+cu128, 0.3.3, 0.3.3+cu128, 0.3.4+cu128, 0.3.4+cu129, 0.3.4.post1+cu128, 0.3.4.post1+cu129, 0.3.5+cu128, 0.3.5+cu129, 0.3.6+cu128, 0.3.6+cu129, 0.3.6.post1+cu128, 0.3.6.post1+cu129, 0.3.6.post2+cu128, 0.3.6.post2+cu129, 0.3.7+cu128, 0.3.7+cu129, 0.3.7.post1+cu128, 0.3.7.post1+cu129, 0.3.8+cu128, 0.3.8+cu129, 0.3.9+cu128, 0.3.9.post1+cu124, 0.3.9.post1+cu128, 0.3.9.post2+cu128, 0.3.10+cu124, 0.3.10+cu128, 0.3.11+cu124, 0.3.11+cu128, 0.3.12+cu128, 0.3.13+cu128, 0.3.14+cu128, 0.3.14.post1+cu124, 0.3.14.post1+cu128)
ERROR: No matching distribution found for sgl-kernel==0.3.14.post1+cu128
retry 2 after 504/timeout...
Looking in indexes: https://docs.sglang.ai/whl/cu128
Collecting sgl-kernel==0.3.14.post1+cu128
  Using cached sgl_kernel-0.3.14.post1%2Bcu128-cp310-abi3-manylinux2014_x86_64.whl (490.7 MB)
Discarding https://github.com/sgl-project/whl/releases/download/v0.3.14.post1/sgl_kernel-0.3.14.post1%2Bcu128-cp310-abi3-manylinux2014_x86_64.whl#sha256=d799e3df31a782320ab5a9cd4a94d1fd962aace3cf9aa565dfd449009786db7c (from https://sgl-project.github.io/whl/cu128/sgl-kernel/): Requested sgl-kernel==0.3.14.post1+cu128 from https://github.com/sgl-project/whl/releases/download/v0.3.14.post1/sgl_kernel-0.3.14.post1%2Bcu128-cp310-abi3-manylinux2014_x86_64.whl#sha256=d799e3df31a782320ab5a9cd4a94d1fd962aace3cf9aa565dfd449009786db7c has inconsistent version: expected '0.3.14.post1+cu128', but metadata has '0.3.14.post1'
ERROR: Could not find a version that satisfies the requirement sgl-kernel==0.3.14.post1+cu128 (from versions: 0.0.8.post1+cu128, 0.0.8.post2+cu128, 0.0.8.post3+cu128, 0.0.9+cu128, 0.0.9.post1+cu128, 0.0.9.post2+cu128, 0.1.0+cu128, 0.1.1+cu128, 0.1.2+cu128, 0.1.2.post1+cu128, 0.1.3+cu128, 0.1.4+cu128, 0.1.5+cu128, 0.1.6+cu128, 0.1.6.post1+cu128, 0.1.7+cu128, 0.1.8+cu128, 0.1.8.post1+cu128, 0.1.8.post2+cu128, 0.1.9+cu128, 0.2.0+cu128, 0.2.1+cu128, 0.2.2+cu128, 0.2.3+cu128, 0.2.4+cu128, 0.2.5+cu128, 0.2.6+cu128, 0.2.6.post1+cu128, 0.2.7+cu128, 0.2.8+cu128, 0.2.9+cu128, 0.3.0+cu128, 0.3.1+cu128, 0.3.3, 0.3.3+cu128, 0.3.4+cu128, 0.3.4+cu129, 0.3.4.post1+cu128, 0.3.4.post1+cu129, 0.3.5+cu128, 0.3.5+cu129, 0.3.6+cu128, 0.3.6+cu129, 0.3.6.post1+cu128, 0.3.6.post1+cu129, 0.3.6.post2+cu128, 0.3.6.post2+cu129, 0.3.7+cu128, 0.3.7+cu129, 0.3.7.post1+cu128, 0.3.7.post1+cu129, 0.3.8+cu128, 0.3.8+cu129, 0.3.9+cu128, 0.3.9.post1+cu124, 0.3.9.post1+cu128, 0.3.9.post2+cu128, 0.3.10+cu124, 0.3.10+cu128, 0.3.11+cu124, 0.3.11+cu128, 0.3.12+cu128, 0.3.13+cu128, 0.3.14+cu128, 0.3.14.post1+cu124, 0.3.14.post1+cu128)
ERROR: No matching distribution found for sgl-kernel==0.3.14.post1+cu128
retry 3 after 504/timeout...
Looking in indexes: https://docs.sglang.ai/whl/cu128
Collecting sgl-kernel==0.3.14.post1+cu128
  Using cached sgl_kernel-0.3.14.post1%2Bcu128-cp310-abi3-manylinux2014_x86_64.whl (490.7 MB)
Discarding https://github.com/sgl-project/whl/releases/download/v0.3.14.post1/sgl_kernel-0.3.14.post1%2Bcu128-cp310-abi3-manylinux2014_x86_64.whl#sha256=d799e3df31a782320ab5a9cd4a94d1fd962aace3cf9aa565dfd449009786db7c (from https://sgl-project.github.io/whl/cu128/sgl-kernel/): Requested sgl-kernel==0.3.14.post1+cu128 from https://github.com/sgl-project/whl/releases/download/v0.3.14.post1/sgl_kernel-0.3.14.post1%2Bcu128-cp310-abi3-manylinux2014_x86_64.whl#sha256=d799e3df31a782320ab5a9cd4a94d1fd962aace3cf9aa565dfd449009786db7c has inconsistent version: expected '0.3.14.post1+cu128', but metadata has '0.3.14.post1'
ERROR: Could not find a version that satisfies the requirement sgl-kernel==0.3.14.post1+cu128 (from versions: 0.0.8.post1+cu128, 0.0.8.post2+cu128, 0.0.8.post3+cu128, 0.0.9+cu128, 0.0.9.post1+cu128, 0.0.9.post2+cu128, 0.1.0+cu128, 0.1.1+cu128, 0.1.2+cu128, 0.1.2.post1+cu128, 0.1.3+cu128, 0.1.4+cu128, 0.1.5+cu128, 0.1.6+cu128, 0.1.6.post1+cu128, 0.1.7+cu128, 0.1.8+cu128, 0.1.8.post1+cu128, 0.1.8.post2+cu128, 0.1.9+cu128, 0.2.0+cu128, 0.2.1+cu128, 0.2.2+cu128, 0.2.3+cu128, 0.2.4+cu128, 0.2.5+cu128, 0.2.6+cu128, 0.2.6.post1+cu128, 0.2.7+cu128, 0.2.8+cu128, 0.2.9+cu128, 0.3.0+cu128, 0.3.1+cu128, 0.3.3, 0.3.3+cu128, 0.3.4+cu128, 0.3.4+cu129, 0.3.4.post1+cu128, 0.3.4.post1+cu129, 0.3.5+cu128, 0.3.5+cu129, 0.3.6+cu128, 0.3.6+cu129, 0.3.6.post1+cu128, 0.3.6.post1+cu129, 0.3.6.post2+cu128, 0.3.6.post2+cu129, 0.3.7+cu128, 0.3.7+cu129, 0.3.7.post1+cu128, 0.3.7.post1+cu129, 0.3.8+cu128, 0.3.8+cu129, 0.3.9+cu128, 0.3.9.post1+cu124, 0.3.9.post1+cu128, 0.3.9.post2+cu128, 0.3.10+cu124, 0.3.10+cu128, 0.3.11+cu124, 0.3.11+cu128, 0.3.12+cu128, 0.3.13+cu128, 0.3.14+cu128, 0.3.14.post1+cu124, 0.3.14.post1+cu128)
ERROR: No matching distribution found for sgl-kernel==0.3.14.post1+cu128
retry 4 after 504/timeout...
Looking in indexes: https://docs.sglang.ai/whl/cu128
Collecting sgl-kernel==0.3.14.post1+cu128
  Using cached sgl_kernel-0.3.14.post1%2Bcu128-cp310-abi3-manylinux2014_x86_64.whl (490.7 MB)
Discarding https://github.com/sgl-project/whl/releases/download/v0.3.14.post1/sgl_kernel-0.3.14.post1%2Bcu128-cp310-abi3-manylinux2014_x86_64.whl#sha256=d799e3df31a782320ab5a9cd4a94d1fd962aace3cf9aa565dfd449009786db7c (from https://sgl-project.github.io/whl/cu128/sgl-kernel/): Requested sgl-kernel==0.3.14.post1+cu128 from https://github.com/sgl-project/whl/releases/download/v0.3.14.post1/sgl_kernel-0.3.14.post1%2Bcu128-cp310-abi3-manylinux2014_x86_64.whl#sha256=d799e3df31a782320ab5a9cd4a94d1fd962aace3cf9aa565dfd449009786db7c has inconsistent version: expected '0.3.14.post1+cu128', but metadata has '0.3.14.post1'
ERROR: Could not find a version that satisfies the requirement sgl-kernel==0.3.14.post1+cu128 (from versions: 0.0.8.post1+cu128, 0.0.8.post2+cu128, 0.0.8.post3+cu128, 0.0.9+cu128, 0.0.9.post1+cu128, 0.0.9.post2+cu128, 0.1.0+cu128, 0.1.1+cu128, 0.1.2+cu128, 0.1.2.post1+cu128, 0.1.3+cu128, 0.1.4+cu128, 0.1.5+cu128, 0.1.6+cu128, 0.1.6.post1+cu128, 0.1.7+cu128, 0.1.8+cu128, 0.1.8.post1+cu128, 0.1.8.post2+cu128, 0.1.9+cu128, 0.2.0+cu128, 0.2.1+cu128, 0.2.2+cu128, 0.2.3+cu128, 0.2.4+cu128, 0.2.5+cu128, 0.2.6+cu128, 0.2.6.post1+cu128, 0.2.7+cu128, 0.2.8+cu128, 0.2.9+cu128, 0.3.0+cu128, 0.3.1+cu128, 0.3.3, 0.3.3+cu128, 0.3.4+cu128, 0.3.4+cu129, 0.3.4.post1+cu128, 0.3.4.post1+cu129, 0.3.5+cu128, 0.3.5+cu129, 0.3.6+cu128, 0.3.6+cu129, 0.3.6.post1+cu128, 0.3.6.post1+cu129, 0.3.6.post2+cu128, 0.3.6.post2+cu129, 0.3.7+cu128, 0.3.7+cu129, 0.3.7.post1+cu128, 0.3.7.post1+cu129, 0.3.8+cu128, 0.3.8+cu129, 0.3.9+cu128, 0.3.9.post1+cu124, 0.3.9.post1+cu128, 0.3.9.post2+cu128, 0.3.10+cu124, 0.3.10+cu128, 0.3.11+cu124, 0.3.11+cu128, 0.3.12+cu128, 0.3.13+cu128, 0.3.14+cu128, 0.3.14.post1+cu124, 0.3.14.post1+cu128)
ERROR: No matching distribution found for sgl-kernel==0.3.14.post1+cu128
retry 5 after 504/timeout...
FAILED after retries
